Archive member included because of file (symbol)

/opt/gcc-arm-none-eabi-4_8-2014q3/bin/../lib/gcc/arm-none-eabi/4.8.4/libgcc.a(_udivsi3.o)
                              src/init.o (__aeabi_uidiv)
/opt/gcc-arm-none-eabi-4_8-2014q3/bin/../lib/gcc/arm-none-eabi/4.8.4/libgcc.a(_dvmd_tls.o)
                              /opt/gcc-arm-none-eabi-4_8-2014q3/bin/../lib/gcc/arm-none-eabi/4.8.4/libgcc.a(_udivsi3.o) (__aeabi_idiv0)

Allocating common symbols
Common symbol       size              file

stackOne            0x400             src/main.o
cs                  0x4               src/main.o
taskID              0x4               src/main.o
stackTwo            0x400             src/main.o
currentSP           0x4               src/main.o
stackTwoSP          0x4               src/main.o
VIC_SpuriousInt     0x4               src/init.o
stackOneSP          0x4               src/main.o

Memory Configuration

Name             Origin             Length             Attributes
flash            0x00000000         0x0007e000
flash_isp        0x0007e000         0x00002000
ram_isp_lo       0x40000040         0x000001c0         a
ram              0x40000200         0x00007ce0
ram_isp_stack    0x40007ee0         0x00000100
ram_isp_hi       0x40007fe0         0x00000020         a
*default*        0x00000000         0xffffffff

Linker script and memory map

LOAD src/crt.o
LOAD src/switch.o
LOAD src/main.o
LOAD src/init.o
LOAD src/print.o
LOAD src/timer.o
LOAD src/bsp.o
LOAD src/tasks.o
LOAD src/critical_section.o
START GROUP
LOAD /opt/gcc-arm-none-eabi-4_8-2014q3/bin/../lib/gcc/arm-none-eabi/4.8.4/libgcc.a
LOAD /opt/gcc-arm-none-eabi-4_8-2014q3/bin/../lib/gcc/arm-none-eabi/4.8.4/../../../../arm-none-eabi/lib/libc.a
END GROUP
                0x00000100                FIQ_STACK_SIZE = 0x100
                0x00000100                IRQ_STACK_SIZE = 0x100
                0x00000100                ABT_STACK_SIZE = 0x100
                0x00000100                UND_STACK_SIZE = 0x100
                0x00000400                SVC_STACK_SIZE = 0x400
                0x00000000                . = 0x0

startup         0x00000000      0x124
 *(.vectors)
 .vectors       0x00000000       0x48 src/crt.o
                0x00000000                _startup
                0x00000048                . = ALIGN (0x4)
 *(.init)
 .init          0x00000048       0xdc src/crt.o
                0x000000dc                ExitFunction
                0x000000e0                UndefHandler
                0x000000e8                PAbortHandler
                0x000000ec                DAbortHandler
                0x000000f0                IRQHandler
                0x000000f4                FIQHandler
                0x00000124                . = ALIGN (0x4)

.text           0x00000124     0x1c7c
 *(.text)
 .text          0x00000124        0x0 src/crt.o
 .text          0x00000124       0x88 src/switch.o
                0x00000124                switch_to_current
                0x00000138                SimpleIRQHandler
                0x00000158                SwitchingIRQHandler
 .text          0x000001ac      0x334 src/main.o
                0x000001ac                initialize_stack
                0x0000037c                scheduler
                0x00000424                main
 .text          0x000004e0      0xec8 src/init.o
                0x000004e0                initHardware
                0x000007cc                initCCLK
                0x00000820                getFcclk
                0x000009a8                pinConfigurator
                0x00000b64                initUART0
 .text          0x000013a8      0x2cc src/print.o
                0x000013a8                printHex
                0x00001474                print_uint32
                0x00001588                printString
 .text          0x00001674      0x10c src/timer.o
                0x00001674                initialize_timer_tick
                0x0000176c                Tmr_TickISR_Handler
 .text          0x00001780      0x2c0 src/bsp.o
                0x00001780                BSP_CPU_ClkFreq
                0x00001898                BSP_CPU_PclkFreq
                0x00001a2c                BSP_IntDisAll
 .text          0x00001a40      0x128 src/tasks.o
                0x00001a40                hello_world
                0x00001a68                taskOne
                0x00001ae8                taskTwo
 .text          0x00001b68       0x80 src/critical_section.o
                0x00001b68                CreateCriticalSection
                0x00001b88                DeleteCriticalSection
                0x00001ba0                EnterCriticalSection
                0x00001bb8                LeaveCriticalSection
                0x00001bd0                QueryEnterCriticalSection
 .text          0x00001be8      0x114 /opt/gcc-arm-none-eabi-4_8-2014q3/bin/../lib/gcc/arm-none-eabi/4.8.4/libgcc.a(_udivsi3.o)
                0x00001be8                __udivsi3
                0x00001be8                __aeabi_uidiv
                0x00001cdc                __aeabi_uidivmod
 .text          0x00001cfc        0x4 /opt/gcc-arm-none-eabi-4_8-2014q3/bin/../lib/gcc/arm-none-eabi/4.8.4/libgcc.a(_dvmd_tls.o)
                0x00001cfc                __aeabi_ldiv0
                0x00001cfc                __aeabi_idiv0
                0x00001d00                . = ALIGN (0x4)
 *(.rodata)
 .rodata        0x00001d00       0x5c src/main.o
 .rodata        0x00001d5c        0xc src/init.o
 .rodata        0x00001d68       0x2c src/tasks.o
 .rodata        0x00001d94        0xc src/critical_section.o
                0x00001d94                SUCCESS
                0x00001d98                BUSY
                0x00001d9c                RESOURCE
                0x00001da0                . = ALIGN (0x4)
 *(.rodata*)
                0x00001da0                . = ALIGN (0x4)
 *(.glue_7t)
 .glue_7t       0x00000000        0x0 linker stubs
                0x00001da0                . = ALIGN (0x4)
 *(.glue_7)
 .glue_7        0x00000000        0x0 linker stubs
                0x00001da0                . = ALIGN (0x4)
                0x00001da0                etext = .
                0x00001da0                _etext = .

.vfp11_veneer   0x00001da0        0x0
 .vfp11_veneer  0x00000000        0x0 linker stubs

.v4_bx          0x00001da0        0x0
 .v4_bx         0x00000000        0x0 linker stubs

.iplt           0x00001da0        0x0
 .iplt          0x00000000        0x0 src/crt.o

.rel.dyn        0x00001da0        0x0
 .rel.iplt      0x00000000        0x0 src/crt.o

.data           0x40000200      0x18c load address 0x00001da0
                0x40000200                PROVIDE (__data_start, .)
 *(.data)
 .data          0x40000200        0x0 src/crt.o
 .data          0x40000200        0x0 src/switch.o
 .data          0x40000200        0x0 src/main.o
 .data          0x40000200      0x18c src/init.o
                0x40000200                mcuPins
 .data          0x4000038c        0x0 src/print.o
 .data          0x4000038c        0x0 src/timer.o
 .data          0x4000038c        0x0 src/bsp.o
 .data          0x4000038c        0x0 src/tasks.o
 .data          0x4000038c        0x0 src/critical_section.o
 .data          0x4000038c        0x0 /opt/gcc-arm-none-eabi-4_8-2014q3/bin/../lib/gcc/arm-none-eabi/4.8.4/libgcc.a(_udivsi3.o)
 .data          0x4000038c        0x0 /opt/gcc-arm-none-eabi-4_8-2014q3/bin/../lib/gcc/arm-none-eabi/4.8.4/libgcc.a(_dvmd_tls.o)
                0x4000038c                . = ALIGN (0x4)
                0x4000038c                edata = .
                0x4000038c                _edata = .
                0x4000038c                PROVIDE (__data_end, .)

.igot.plt       0x4000038c        0x0 load address 0x00001f2c
 .igot.plt      0x00000000        0x0 src/crt.o

.eh_frame       0x00001f2c        0x0
 *(.eh_frame)
                0x00001f2c                . = ALIGN (0x4)

.bss            0x4000038c     0x1074
                0x4000038c                PROVIDE (__bss_start, .)
 *(.bss)
 .bss           0x4000038c        0x0 src/crt.o
 .bss           0x4000038c        0x0 src/switch.o
 .bss           0x4000038c        0x0 src/main.o
 .bss           0x4000038c        0x0 src/init.o
 .bss           0x4000038c        0x0 src/print.o
 .bss           0x4000038c        0x0 src/timer.o
 .bss           0x4000038c        0x0 src/bsp.o
 .bss           0x4000038c        0x0 src/tasks.o
 .bss           0x4000038c        0x0 src/critical_section.o
 .bss           0x4000038c        0x0 /opt/gcc-arm-none-eabi-4_8-2014q3/bin/../lib/gcc/arm-none-eabi/4.8.4/libgcc.a(_udivsi3.o)
 .bss           0x4000038c        0x0 /opt/gcc-arm-none-eabi-4_8-2014q3/bin/../lib/gcc/arm-none-eabi/4.8.4/libgcc.a(_dvmd_tls.o)
 *(COMMON)
 COMMON         0x4000038c      0x814 src/main.o
                0x4000038c                stackOne
                0x4000078c                cs
                0x40000790                taskID
                0x40000794                stackTwo
                0x40000b94                currentSP
                0x40000b98                stackTwoSP
                0x40000b9c                stackOneSP
 COMMON         0x40000ba0        0x4 src/init.o
                0x40000ba0                VIC_SpuriousInt
                0x40000ba4                . = ALIGN (0x4)
                0x40000ba4                PROVIDE (__bss_end, .)
                0x40000c00                . = ALIGN (0x100)
 *fill*         0x40000ba4       0x5c 
                0x40000c00                PROVIDE (__stack_start, .)
                0x40000c00                PROVIDE (__stack_fiq_start, .)
                0x40000d00                . = (. + FIQ_STACK_SIZE)
 *fill*         0x40000c00      0x100 
                0x40000d00                . = ALIGN (0x4)
                0x40000d00                PROVIDE (__stack_fiq_end, .)
                0x40000d00                PROVIDE (__stack_irq_start, .)
                0x40000e00                . = (. + IRQ_STACK_SIZE)
 *fill*         0x40000d00      0x100 
                0x40000e00                . = ALIGN (0x4)
                0x40000e00                PROVIDE (__stack_irq_end, .)
                0x40000e00                PROVIDE (__stack_abt_start, .)
                0x40000f00                . = (. + ABT_STACK_SIZE)
 *fill*         0x40000e00      0x100 
                0x40000f00                . = ALIGN (0x4)
                0x40000f00                PROVIDE (__stack_abt_end, .)
                0x40000f00                PROVIDE (__stack_und_start, .)
                0x40001000                . = (. + UND_STACK_SIZE)
 *fill*         0x40000f00      0x100 
                0x40001000                . = ALIGN (0x4)
                0x40001000                PROVIDE (__stack_und_end, .)
                0x40001000                PROVIDE (__stack_svc_start, .)
                0x40001400                . = (. + SVC_STACK_SIZE)
 *fill*         0x40001000      0x400 
                0x40001400                . = ALIGN (0x4)
                0x40001400                PROVIDE (__stack_svc_end, .)
                0x40001400                PROVIDE (__stack_end, .)
                0x40001400                PROVIDE (__heap_start, .)
                0x40001400                _end = .
                0x40001400                PROVIDE (end, .)
OUTPUT(Critical_Section.elf elf32-littlearm)

.ARM.attributes
                0x00000000       0x2c
 .ARM.attributes
                0x00000000       0x20 src/crt.o
 .ARM.attributes
                0x00000020       0x20 src/switch.o
 .ARM.attributes
                0x00000040       0x30 src/main.o
 .ARM.attributes
                0x00000070       0x30 src/init.o
 .ARM.attributes
                0x000000a0       0x30 src/print.o
 .ARM.attributes
                0x000000d0       0x30 src/timer.o
 .ARM.attributes
                0x00000100       0x30 src/bsp.o
 .ARM.attributes
                0x00000130       0x30 src/tasks.o
 .ARM.attributes
                0x00000160       0x30 src/critical_section.o
 .ARM.attributes
                0x00000190       0x18 /opt/gcc-arm-none-eabi-4_8-2014q3/bin/../lib/gcc/arm-none-eabi/4.8.4/libgcc.a(_udivsi3.o)
 .ARM.attributes
                0x000001a8       0x18 /opt/gcc-arm-none-eabi-4_8-2014q3/bin/../lib/gcc/arm-none-eabi/4.8.4/libgcc.a(_dvmd_tls.o)

.comment        0x00000000       0x70
 .comment       0x00000000       0x70 src/main.o
                                 0x71 (size before relaxing)
 .comment       0x00000000       0x71 src/init.o
 .comment       0x00000000       0x71 src/print.o
 .comment       0x00000000       0x71 src/timer.o
 .comment       0x00000000       0x71 src/bsp.o
 .comment       0x00000000       0x71 src/tasks.o
 .comment       0x00000000       0x71 src/critical_section.o

.debug_line     0x00000000      0x643
 .debug_line    0x00000000       0x8e src/crt.o
 .debug_line    0x0000008e       0x64 src/switch.o
 .debug_line    0x000000f2       0x8b src/main.o
 .debug_line    0x0000017d      0x21f src/init.o
 .debug_line    0x0000039c       0xe5 src/print.o
 .debug_line    0x00000481       0x4d src/timer.o
 .debug_line    0x000004ce       0x84 src/bsp.o
 .debug_line    0x00000552       0x82 src/tasks.o
 .debug_line    0x000005d4       0x6f src/critical_section.o

.debug_info     0x00000000     0x4210
 .debug_info    0x00000000       0x52 src/crt.o
 .debug_info    0x00000052       0x59 src/switch.o
 .debug_info    0x000000ab      0x174 src/main.o
 .debug_info    0x0000021f     0x21cd src/init.o
 .debug_info    0x000023ec      0x149 src/print.o
 .debug_info    0x00002535       0x8e src/timer.o
 .debug_info    0x000025c3     0x1a07 src/bsp.o
 .debug_info    0x00003fca       0xf7 src/tasks.o
 .debug_info    0x000040c1      0x14f src/critical_section.o

.debug_abbrev   0x00000000      0x65f
 .debug_abbrev  0x00000000       0x12 src/crt.o
 .debug_abbrev  0x00000012       0x14 src/switch.o
 .debug_abbrev  0x00000026       0xf8 src/main.o
 .debug_abbrev  0x0000011e      0x219 src/init.o
 .debug_abbrev  0x00000337       0xcb src/print.o
 .debug_abbrev  0x00000402       0x6b src/timer.o
 .debug_abbrev  0x0000046d       0xcc src/bsp.o
 .debug_abbrev  0x00000539       0xb7 src/tasks.o
 .debug_abbrev  0x000005f0       0x6f src/critical_section.o

.debug_aranges  0x00000000      0x128
 .debug_aranges
                0x00000000       0x28 src/crt.o
 .debug_aranges
                0x00000028       0x20 src/switch.o
 .debug_aranges
                0x00000048       0x20 src/main.o
 .debug_aranges
                0x00000068       0x20 src/init.o
 .debug_aranges
                0x00000088       0x20 src/print.o
 .debug_aranges
                0x000000a8       0x20 src/timer.o
 .debug_aranges
                0x000000c8       0x20 src/bsp.o
 .debug_aranges
                0x000000e8       0x20 src/tasks.o
 .debug_aranges
                0x00000108       0x20 src/critical_section.o

.debug_ranges   0x00000000       0x20
 .debug_ranges  0x00000000       0x20 src/crt.o

.debug_loc      0x00000000      0x7a4
 .debug_loc     0x00000000       0x6c src/main.o
 .debug_loc     0x0000006c      0x530 src/init.o
 .debug_loc     0x0000059c       0x6c src/print.o
 .debug_loc     0x00000608       0x2c src/timer.o
 .debug_loc     0x00000634       0x58 src/bsp.o
 .debug_loc     0x0000068c       0x78 src/tasks.o
 .debug_loc     0x00000704       0xa0 src/critical_section.o

.debug_str      0x00000000     0x169c
 .debug_str     0x00000000      0x16b src/main.o
                                0x171 (size before relaxing)
 .debug_str     0x0000016b     0x1378 src/init.o
                               0x148c (size before relaxing)
 .debug_str     0x000014e3       0x5c src/print.o
                                0x153 (size before relaxing)
 .debug_str     0x0000153f       0x49 src/timer.o
                                0x121 (size before relaxing)
 .debug_str     0x00001588       0x5e src/bsp.o
                               0x10f5 (size before relaxing)
 .debug_str     0x000015e6       0x2e src/tasks.o
                                0x118 (size before relaxing)
 .debug_str     0x00001614       0x88 src/critical_section.o
                                0x154 (size before relaxing)

.debug_frame    0x00000000      0x6d4
 .debug_frame   0x00000000       0x5c src/main.o
 .debug_frame   0x0000005c      0x488 src/init.o
 .debug_frame   0x000004e4       0x64 src/print.o
 .debug_frame   0x00000548       0x3c src/timer.o
 .debug_frame   0x00000584       0x58 src/bsp.o
 .debug_frame   0x000005dc       0x64 src/tasks.o
 .debug_frame   0x00000640       0x74 src/critical_section.o
 .debug_frame   0x000006b4       0x20 /opt/gcc-arm-none-eabi-4_8-2014q3/bin/../lib/gcc/arm-none-eabi/4.8.4/libgcc.a(_udivsi3.o)

Cross Reference Table

Symbol                                            File
BSP_CPU_ClkFreq                                   src/bsp.o
BSP_CPU_PclkFreq                                  src/bsp.o
                                                  src/timer.o
BSP_IntDisAll                                     src/bsp.o
BUSY                                              src/critical_section.o
CreateCriticalSection                             src/critical_section.o
                                                  src/main.o
DAbortHandler                                     src/crt.o
DeleteCriticalSection                             src/critical_section.o
                                                  src/main.o
EnterCriticalSection                              src/critical_section.o
                                                  src/tasks.o
ExitFunction                                      src/crt.o
FIQHandler                                        src/crt.o
IRQHandler                                        src/crt.o
LeaveCriticalSection                              src/critical_section.o
                                                  src/tasks.o
PAbortHandler                                     src/crt.o
QueryEnterCriticalSection                         src/critical_section.o
RESOURCE                                          src/critical_section.o
SUCCESS                                           src/critical_section.o
SimpleIRQHandler                                  src/switch.o
                                                  src/crt.o
SwitchingIRQHandler                               src/switch.o
                                                  src/crt.o
Tmr_TickISR_Handler                               src/timer.o
UndefHandler                                      src/crt.o
VIC_SpuriousInt                                   src/init.o
__aeabi_idiv0                                     /opt/gcc-arm-none-eabi-4_8-2014q3/bin/../lib/gcc/arm-none-eabi/4.8.4/libgcc.a(_dvmd_tls.o)
                                                  /opt/gcc-arm-none-eabi-4_8-2014q3/bin/../lib/gcc/arm-none-eabi/4.8.4/libgcc.a(_udivsi3.o)
__aeabi_ldiv0                                     /opt/gcc-arm-none-eabi-4_8-2014q3/bin/../lib/gcc/arm-none-eabi/4.8.4/libgcc.a(_dvmd_tls.o)
__aeabi_uidiv                                     /opt/gcc-arm-none-eabi-4_8-2014q3/bin/../lib/gcc/arm-none-eabi/4.8.4/libgcc.a(_udivsi3.o)
                                                  src/bsp.o
                                                  src/init.o
__aeabi_uidivmod                                  /opt/gcc-arm-none-eabi-4_8-2014q3/bin/../lib/gcc/arm-none-eabi/4.8.4/libgcc.a(_udivsi3.o)
__bss_end                                         src/crt.o
__bss_start                                       src/crt.o
__data_end                                        src/crt.o
__data_start                                      src/crt.o
__stack_abt_end                                   src/crt.o
__stack_fiq_end                                   src/crt.o
__stack_irq_end                                   src/crt.o
__stack_svc_end                                   src/crt.o
__stack_und_end                                   src/crt.o
__udivsi3                                         /opt/gcc-arm-none-eabi-4_8-2014q3/bin/../lib/gcc/arm-none-eabi/4.8.4/libgcc.a(_udivsi3.o)
_etext                                            src/crt.o
_startup                                          src/crt.o
cs                                                src/main.o
currentSP                                         src/main.o
                                                  src/switch.o
getFcclk                                          src/init.o
hello_world                                       src/tasks.o
                                                  src/switch.o
initCCLK                                          src/init.o
initHardware                                      src/init.o
                                                  src/main.o
initUART0                                         src/init.o
initialize_stack                                  src/main.o
initialize_timer_tick                             src/timer.o
                                                  src/main.o
main                                              src/main.o
                                                  src/crt.o
mcuPins                                           src/init.o
pinConfigurator                                   src/init.o
printHex                                          src/print.o
printString                                       src/print.o
                                                  src/tasks.o
                                                  src/main.o
print_uint32                                      src/print.o
                                                  src/tasks.o
scheduler                                         src/main.o
                                                  src/switch.o
stackOne                                          src/main.o
stackOneSP                                        src/main.o
stackTwo                                          src/main.o
stackTwoSP                                        src/main.o
switch_to_current                                 src/switch.o
                                                  src/main.o
taskID                                            src/main.o
taskOne                                           src/tasks.o
                                                  src/main.o
taskTwo                                           src/tasks.o
                                                  src/main.o
